// Jest Snapshot v1, https://goo.gl/fbAQLP

exports[`Icon matches snapshot 1`] = `
<span
  class="icon css-yj93w3-SvgWrapper elpsssu1"
>
  <svg
    aria-label="Cart"
    class="css-1dx98cs-InlineSvg elpsssu0"
    clip-rule="evenodd"
    fill-rule="evenodd"
    focusable="false"
    preserveAspectRatio="xMidYMid meet"
    role="presentation"
    stroke-linejoin="round"
    stroke-miterlimit="1.414"
    viewBox="0 0 32 32"
    xmlns="http://www.w3.org/2000/svg"
  >
    <path
      d="M7.5 8H28a1.001 1.001 0 0 1 .965 1.263l-3 11A1 1 0 0 1 25 21H9a1 1 0 0 1-.978-.79L5.19 7H2a1 1 0 1 1 0-2h4a1 1 0 0 1 .978.79L7.5 8zM9 25a2 2 0 1 1 3.999-.001 2 2 0 0 1-4 .001zm12 0a2 2 0 1 1 3.999-.001 2 2 0 0 1-4 .001z"
    />
  </svg>
</span>
`;
